// Jest Snapshot v1, https://goo.gl/fbAQLP

exports[`TreeAddChild displays a list of components 1`] = `
Array [
  Object {
    "label": "First",
    "value": "First",
  },
  Object {
    "label": "Second",
    "value": "Second",
  },
]
`;
